Analysis & Synthesis report for ProjetoOAC
Mon Jun 29 22:15:34 2026
Quartus Prime Version 21.1.1 Build 850 06/23/2022 SJ Lite Edition


---------------------
; Table of Contents ;
---------------------
  1. Legal Notice
  2. Analysis & Synthesis Summary
  3. Analysis & Synthesis Settings
  4. Parallel Compilation
  5. Analysis & Synthesis Source Files Read
  6. Analysis & Synthesis Resource Usage Summary
  7. Analysis & Synthesis Resource Utilization by Entity
  8. State Machine - |pl_top_no_pll|pl_cpu:cpu|pl_datapath:datapath|pl_mmio:mmio|pl_uart:uart_inst|rx_state
  9. State Machine - |pl_top_no_pll|pl_cpu:cpu|pl_datapath:datapath|pl_mmio:mmio|pl_uart:uart_inst|tx_state
 10. Registers Removed During Synthesis
 11. Removed Registers Triggering Further Register Optimizations
 12. General Register Statistics
 13. Inverted Register Statistics
 14. Multiplexer Restructuring Statistics (Restructuring Performed)
 15. Parameter Settings for User Entity Instance: pl_cpu:cpu|pl_datapath:datapath|pl_mmio:mmio|pl_uart:uart_inst
 16. Port Connectivity Checks: "pl_cpu:cpu"
 17. Post-Synthesis Netlist Statistics for Top Partition
 18. Elapsed Time Per Partition
 19. Analysis & Synthesis Messages
 20. Analysis & Synthesis Suppressed Messages



----------------
; Legal Notice ;
----------------
Copyright (C) 2022  Intel Corporation. All rights reserved.
Your use of Intel Corporation's design tools, logic functions 
and other software and tools, and any partner logic 
functions, and any output files from any of the foregoing 
(including device programming or simulation files), and any 
associated documentation or information are expressly subject 
to the terms and conditions of the Intel Program License 
Subscription Agreement, the Intel Quartus Prime License Agreement,
the Intel FPGA IP License Agreement, or other applicable license
agreement, including, without limitation, that your use is for
the sole purpose of programming logic devices manufactured by
Intel and sold by Intel or its authorized distributors.  Please
refer to the applicable agreement for further details, at
https://fpgasoftware.intel.com/eula.



+----------------------------------------------------------------------------------+
; Analysis & Synthesis Summary                                                     ;
+------------------------------------+---------------------------------------------+
; Analysis & Synthesis Status        ; Successful - Mon Jun 29 22:15:34 2026       ;
; Quartus Prime Version              ; 21.1.1 Build 850 06/23/2022 SJ Lite Edition ;
; Revision Name                      ; ProjetoOAC                                  ;
; Top-level Entity Name              ; pl_top_no_pll                               ;
; Family                             ; Cyclone IV E                                ;
; Total logic elements               ; 18,963                                      ;
;     Total combinational functions  ; 9,630                                       ;
;     Dedicated logic registers      ; 9,723                                       ;
; Total registers                    ; 9723                                        ;
; Total pins                         ; 52                                          ;
; Total virtual pins                 ; 0                                           ;
; Total memory bits                  ; 0                                           ;
; Embedded Multiplier 9-bit elements ; 0                                           ;
; Total PLLs                         ; 0                                           ;
+------------------------------------+---------------------------------------------+


+------------------------------------------------------------------------------------------------------------+
; Analysis & Synthesis Settings                                                                              ;
+------------------------------------------------------------------+--------------------+--------------------+
; Option                                                           ; Setting            ; Default Value      ;
+------------------------------------------------------------------+--------------------+--------------------+
; Device                                                           ; EP4CE115F29C7      ;                    ;
; Top-level entity name                                            ; pl_top_no_pll      ; ProjetoOAC         ;
; Family name                                                      ; Cyclone IV E       ; Cyclone V          ;
; Use smart compilation                                            ; Off                ; Off                ;
; Enable parallel Assembler and Timing Analyzer during compilation ; On                 ; On                 ;
; Enable compact report table                                      ; Off                ; Off                ;
; Restructure Multiplexers                                         ; Auto               ; Auto               ;
; Create Debugging Nodes for IP Cores                              ; Off                ; Off                ;
; Preserve fewer node names                                        ; On                 ; On                 ;
; Intel FPGA IP Evaluation Mode                                    ; Enable             ; Enable             ;
; Verilog Version                                                  ; Verilog_2001       ; Verilog_2001       ;
; VHDL Version                                                     ; VHDL_1993          ; VHDL_1993          ;
; State Machine Processing                                         ; Auto               ; Auto               ;
; Safe State Machine                                               ; Off                ; Off                ;
; Extract Verilog State Machines                                   ; On                 ; On                 ;
; Extract VHDL State Machines                                      ; On                 ; On                 ;
; Ignore Verilog initial constructs                                ; Off                ; Off                ;
; Iteration limit for constant Verilog loops                       ; 5000               ; 5000               ;
; Iteration limit for non-constant Verilog loops                   ; 250                ; 250                ;
; Add Pass-Through Logic to Inferred RAMs                          ; On                 ; On                 ;
; Infer RAMs from Raw Logic                                        ; On                 ; On                 ;
; Parallel Synthesis                                               ; On                 ; On                 ;
; DSP Block Balancing                                              ; Auto               ; Auto               ;
; NOT Gate Push-Back                                               ; On                 ; On                 ;
; Power-Up Don't Care                                              ; On                 ; On                 ;
; Remove Redundant Logic Cells                                     ; Off                ; Off                ;
; Remove Duplicate Registers                                       ; On                 ; On                 ;
; Ignore CARRY Buffers                                             ; Off                ; Off                ;
; Ignore CASCADE Buffers                                           ; Off                ; Off                ;
; Ignore GLOBAL Buffers                                            ; Off                ; Off                ;
; Ignore ROW GLOBAL Buffers                                        ; Off                ; Off                ;
; Ignore LCELL Buffers                                             ; Off                ; Off                ;
; Ignore SOFT Buffers                                              ; On                 ; On                 ;
; Limit AHDL Integers to 32 Bits                                   ; Off                ; Off                ;
; Optimization Technique                                           ; Balanced           ; Balanced           ;
; Carry Chain Length                                               ; 70                 ; 70                 ;
; Auto Carry Chains                                                ; On                 ; On                 ;
; Auto Open-Drain Pins                                             ; On                 ; On                 ;
; Perform WYSIWYG Primitive Resynthesis                            ; Off                ; Off                ;
; Auto ROM Replacement                                             ; On                 ; On                 ;
; Auto RAM Replacement                                             ; On                 ; On                 ;
; Auto DSP Block Replacement                                       ; On                 ; On                 ;
; Auto Shift Register Replacement                                  ; Auto               ; Auto               ;
; Allow Shift Register Merging across Hierarchies                  ; Auto               ; Auto               ;
; Auto Clock Enable Replacement                                    ; On                 ; On                 ;
; Strict RAM Replacement                                           ; Off                ; Off                ;
; Allow Synchronous Control Signals                                ; On                 ; On                 ;
; Force Use of Synchronous Clear Signals                           ; Off                ; Off                ;
; Auto RAM Block Balancing                                         ; On                 ; On                 ;
; Auto RAM to Logic Cell Conversion                                ; Off                ; Off                ;
; Auto Resource Sharing                                            ; Off                ; Off                ;
; Allow Any RAM Size For Recognition                               ; Off                ; Off                ;
; Allow Any ROM Size For Recognition                               ; Off                ; Off                ;
; Allow Any Shift Register Size For Recognition                    ; Off                ; Off                ;
; Use LogicLock Constraints during Resource Balancing              ; On                 ; On                 ;
; Ignore translate_off and synthesis_off directives                ; Off                ; Off                ;
; Timing-Driven Synthesis                                          ; On                 ; On                 ;
; Report Parameter Settings                                        ; On                 ; On                 ;
; Report Source Assignments                                        ; On                 ; On                 ;
; Report Connectivity Checks                                       ; On                 ; On                 ;
; Ignore Maximum Fan-Out Assignments                               ; Off                ; Off                ;
; Synchronization Register Chain Length                            ; 2                  ; 2                  ;
; Power Optimization During Synthesis                              ; Normal compilation ; Normal compilation ;
; HDL message level                                                ; Level2             ; Level2             ;
; Suppress Register Optimization Related Messages                  ; Off                ; Off                ;
; Number of Removed Registers Reported in Synthesis Report         ; 5000               ; 5000               ;
; Number of Swept Nodes Reported in Synthesis Report               ; 5000               ; 5000               ;
; Number of Inverted Registers Reported in Synthesis Report        ; 100                ; 100                ;
; Clock MUX Protection                                             ; On                 ; On                 ;
; Auto Gated Clock Conversion                                      ; Off                ; Off                ;
; Block Design Naming                                              ; Auto               ; Auto               ;
; SDC constraint protection                                        ; Off                ; Off                ;
; Synthesis Effort                                                 ; Auto               ; Auto               ;
; Shift Register Replacement - Allow Asynchronous Clear Signal     ; On                 ; On                 ;
; Pre-Mapping Resynthesis Optimization                             ; Off                ; Off                ;
; Analysis & Synthesis Message Level                               ; Medium             ; Medium             ;
; Disable Register Merging Across Hierarchies                      ; Auto               ; Auto               ;
; Resource Aware Inference For Block RAM                           ; On                 ; On                 ;
+------------------------------------------------------------------+--------------------+--------------------+


+------------------------------------------+
; Parallel Compilation                     ;
+----------------------------+-------------+
; Processors                 ; Number      ;
+----------------------------+-------------+
; Number detected on machine ; 16          ;
; Maximum allowed            ; 16          ;
;                            ;             ;
; Average used               ; 1.02        ;
; Maximum used               ; 16          ;
;                            ;             ;
; Usage by Processor         ; % Time Used ;
;     Processor 1            ; 100.0%      ;
;     Processor 2            ;   0.2%      ;
;     Processor 3            ;   0.2%      ;
;     Processor 4            ;   0.2%      ;
;     Processor 5            ;   0.2%      ;
;     Processor 6            ;   0.2%      ;
;     Processor 7            ;   0.2%      ;
;     Processor 8            ;   0.2%      ;
;     Processors 9-16        ;   0.1%      ;
+----------------------------+-------------+


+----------------------------------------------------------------------------------------------------------------------------------------------------------------+
; Analysis & Synthesis Source Files Read                                                                                                                         ;
+----------------------------------+-----------------+------------------------------+------------------------------------------------------------------+---------+
; File Name with User-Entered Path ; Used in Netlist ; File Type                    ; File Name with Absolute Path                                     ; Library ;
+----------------------------------+-----------------+------------------------------+------------------------------------------------------------------+---------+
; ../src/pl_uart.sv                ; yes             ; User SystemVerilog HDL File  ; C:/Users/gvca/Documents/ProjetoOAC/Alterado/src/pl_uart.sv       ;         ;
; ../src/pl_top_no_pll.sv          ; yes             ; User SystemVerilog HDL File  ; C:/Users/gvca/Documents/ProjetoOAC/Alterado/src/pl_top_no_pll.sv ;         ;
; ../src/pl_sign_ext.sv            ; yes             ; User SystemVerilog HDL File  ; C:/Users/gvca/Documents/ProjetoOAC/Alterado/src/pl_sign_ext.sv   ;         ;
; ../src/pl_regfile.sv             ; yes             ; User SystemVerilog HDL File  ; C:/Users/gvca/Documents/ProjetoOAC/Alterado/src/pl_regfile.sv    ;         ;
; ../src/pl_pipe_pkg.sv            ; yes             ; User SystemVerilog HDL File  ; C:/Users/gvca/Documents/ProjetoOAC/Alterado/src/pl_pipe_pkg.sv   ;         ;
; ../src/pl_mmio.sv                ; yes             ; User SystemVerilog HDL File  ; C:/Users/gvca/Documents/ProjetoOAC/Alterado/src/pl_mmio.sv       ;         ;
; ../src/pl_imem.sv                ; yes             ; User SystemVerilog HDL File  ; C:/Users/gvca/Documents/ProjetoOAC/Alterado/src/pl_imem.sv       ;         ;
; ../src/pl_hazard.sv              ; yes             ; User SystemVerilog HDL File  ; C:/Users/gvca/Documents/ProjetoOAC/Alterado/src/pl_hazard.sv     ;         ;
; ../src/pl_forward.sv             ; yes             ; User SystemVerilog HDL File  ; C:/Users/gvca/Documents/ProjetoOAC/Alterado/src/pl_forward.sv    ;         ;
; ../src/pl_dmem.sv                ; yes             ; User SystemVerilog HDL File  ; C:/Users/gvca/Documents/ProjetoOAC/Alterado/src/pl_dmem.sv       ;         ;
; ../src/pl_datapath.sv            ; yes             ; User SystemVerilog HDL File  ; C:/Users/gvca/Documents/ProjetoOAC/Alterado/src/pl_datapath.sv   ;         ;
; ../src/pl_cpu.sv                 ; yes             ; User SystemVerilog HDL File  ; C:/Users/gvca/Documents/ProjetoOAC/Alterado/src/pl_cpu.sv        ;         ;
; ../src/pl_control.sv             ; yes             ; User SystemVerilog HDL File  ; C:/Users/gvca/Documents/ProjetoOAC/Alterado/src/pl_control.sv    ;         ;
; ../src/pl_alu_ctrl.sv            ; yes             ; User SystemVerilog HDL File  ; C:/Users/gvca/Documents/ProjetoOAC/Alterado/src/pl_alu_ctrl.sv   ;         ;
; ../src/pl_alu.sv                 ; yes             ; User SystemVerilog HDL File  ; C:/Users/gvca/Documents/ProjetoOAC/Alterado/src/pl_alu.sv        ;         ;
+----------------------------------+-----------------+------------------------------+------------------------------------------------------------------+---------+


+--------------------------------------------------------------+
; Analysis & Synthesis Resource Usage Summary                  ;
+---------------------------------------------+----------------+
; Resource                                    ; Usage          ;
+---------------------------------------------+----------------+
; Estimated Total logic elements              ; 18,963         ;
;                                             ;                ;
; Total combinational functions               ; 9630           ;
; Logic element usage by number of LUT inputs ;                ;
;     -- 4 input functions                    ; 7811           ;
;     -- 3 input functions                    ; 619            ;
;     -- <=2 input functions                  ; 1200           ;
;                                             ;                ;
; Logic elements by mode                      ;                ;
;     -- normal mode                          ; 9429           ;
;     -- arithmetic mode                      ; 201            ;
;                                             ;                ;
; Total registers                             ; 9723           ;
;     -- Dedicated logic registers            ; 9723           ;
;     -- I/O registers                        ; 0              ;
;                                             ;                ;
; I/O pins                                    ; 52             ;
;                                             ;                ;
; Embedded Multiplier 9-bit elements          ; 0              ;
;                                             ;                ;
; Maximum fan-out node                        ; CLOCK_50~input ;
; Maximum fan-out                             ; 9723           ;
; Total fan-out                               ; 65019          ;
; Average fan-out                             ; 3.34           ;
+---------------------------------------------+----------------+


+---------------------------------------------------------------------------------------------------------------------------------------------------------------------------------------------------------------------------------------------------------------------------+
; Analysis & Synthesis Resource Utilization by Entity                                                                                                                                                                                                                       ;
+---------------------------------+---------------------+---------------------------+-------------+--------------+---------+-----------+------+--------------+-------------------------------------------------------------------------------+---------------+--------------+
; Compilation Hierarchy Node      ; Combinational ALUTs ; Dedicated Logic Registers ; Memory Bits ; DSP Elements ; DSP 9x9 ; DSP 18x18 ; Pins ; Virtual Pins ; Full Hierarchy Name                                                           ; Entity Name   ; Library Name ;
+---------------------------------+---------------------+---------------------------+-------------+--------------+---------+-----------+------+--------------+-------------------------------------------------------------------------------+---------------+--------------+
; |pl_top_no_pll                  ; 9630 (0)            ; 9723 (0)                  ; 0           ; 0            ; 0       ; 0         ; 52   ; 0            ; |pl_top_no_pll                                                                ; pl_top_no_pll ; work         ;
;    |pl_cpu:cpu|                 ; 9630 (0)            ; 9723 (0)                  ; 0           ; 0            ; 0       ; 0         ; 0    ; 0            ; |pl_top_no_pll|pl_cpu:cpu                                                     ; pl_cpu        ; work         ;
;       |pl_alu_ctrl:alu_ctrl|    ; 10 (10)             ; 0 (0)                     ; 0           ; 0            ; 0       ; 0         ; 0    ; 0            ; |pl_top_no_pll|pl_cpu:cpu|pl_alu_ctrl:alu_ctrl                                ; pl_alu_ctrl   ; work         ;
;       |pl_control:ctrl|         ; 3 (3)               ; 0 (0)                     ; 0           ; 0            ; 0       ; 0         ; 0    ; 0            ; |pl_top_no_pll|pl_cpu:cpu|pl_control:ctrl                                     ; pl_control    ; work         ;
;       |pl_datapath:datapath|    ; 9617 (6157)         ; 9723 (337)                ; 0           ; 0            ; 0       ; 0         ; 0    ; 0            ; |pl_top_no_pll|pl_cpu:cpu|pl_datapath:datapath                                ; pl_datapath   ; work         ;
;          |pl_alu:alu|           ; 717 (717)           ; 0 (0)                     ; 0           ; 0            ; 0       ; 0         ; 0    ; 0            ; |pl_top_no_pll|pl_cpu:cpu|pl_datapath:datapath|pl_alu:alu                     ; pl_alu        ; work         ;
;          |pl_dmem:dmem|         ; 1120 (1120)         ; 8192 (8192)               ; 0           ; 0            ; 0       ; 0         ; 0    ; 0            ; |pl_top_no_pll|pl_cpu:cpu|pl_datapath:datapath|pl_dmem:dmem                   ; pl_dmem       ; work         ;
;          |pl_forward:forward|   ; 20 (20)             ; 0 (0)                     ; 0           ; 0            ; 0       ; 0         ; 0    ; 0            ; |pl_top_no_pll|pl_cpu:cpu|pl_datapath:datapath|pl_forward:forward             ; pl_forward    ; work         ;
;          |pl_hazard:hazard|     ; 9 (9)               ; 0 (0)                     ; 0           ; 0            ; 0       ; 0         ; 0    ; 0            ; |pl_top_no_pll|pl_cpu:cpu|pl_datapath:datapath|pl_hazard:hazard               ; pl_hazard     ; work         ;
;          |pl_imem:imem|         ; 118 (118)           ; 0 (0)                     ; 0           ; 0            ; 0       ; 0         ; 0    ; 0            ; |pl_top_no_pll|pl_cpu:cpu|pl_datapath:datapath|pl_imem:imem                   ; pl_imem       ; work         ;
;          |pl_mmio:mmio|         ; 145 (46)            ; 170 (95)                  ; 0           ; 0            ; 0       ; 0         ; 0    ; 0            ; |pl_top_no_pll|pl_cpu:cpu|pl_datapath:datapath|pl_mmio:mmio                   ; pl_mmio       ; work         ;
;             |pl_uart:uart_inst| ; 99 (99)             ; 75 (75)                   ; 0           ; 0            ; 0       ; 0         ; 0    ; 0            ; |pl_top_no_pll|pl_cpu:cpu|pl_datapath:datapath|pl_mmio:mmio|pl_uart:uart_inst ; pl_uart       ; work         ;
;          |pl_regfile:regfile|   ; 1329 (1329)         ; 1024 (1024)               ; 0           ; 0            ; 0       ; 0         ; 0    ; 0            ; |pl_top_no_pll|pl_cpu:cpu|pl_datapath:datapath|pl_regfile:regfile             ; pl_regfile    ; work         ;
;          |pl_sign_ext:sign_ext| ; 2 (2)               ; 0 (0)                     ; 0           ; 0            ; 0       ; 0         ; 0    ; 0            ; |pl_top_no_pll|pl_cpu:cpu|pl_datapath:datapath|pl_sign_ext:sign_ext           ; pl_sign_ext   ; work         ;
+---------------------------------+---------------------+---------------------------+-------------+--------------+---------+-----------+------+--------------+-------------------------------------------------------------------------------+---------------+--------------+
Note: For table entries with two numbers listed, the numbers in parentheses indicate the number of resources of the given type used by the specific entity alone. The numbers listed outside of parentheses indicate the total resources of the given type used by the specific entity and all of its sub-entities in the hierarchy.


Encoding Type:  One-Hot
+--------------------------------------------------------------------------------------------------------+
; State Machine - |pl_top_no_pll|pl_cpu:cpu|pl_datapath:datapath|pl_mmio:mmio|pl_uart:uart_inst|rx_state ;
+-------------------+------------------+------------------+-------------------+--------------------------+
; Name              ; rx_state.RX_STOP ; rx_state.RX_DATA ; rx_state.RX_START ; rx_state.RX_IDLE         ;
+-------------------+------------------+------------------+-------------------+--------------------------+
; rx_state.RX_IDLE  ; 0                ; 0                ; 0                 ; 0                        ;
; rx_state.RX_START ; 0                ; 0                ; 1                 ; 1                        ;
; rx_state.RX_DATA  ; 0                ; 1                ; 0                 ; 1                        ;
; rx_state.RX_STOP  ; 1                ; 0                ; 0                 ; 1                        ;
+-------------------+------------------+------------------+-------------------+--------------------------+


Encoding Type:  One-Hot
+--------------------------------------------------------------------------------------------------------+
; State Machine - |pl_top_no_pll|pl_cpu:cpu|pl_datapath:datapath|pl_mmio:mmio|pl_uart:uart_inst|tx_state ;
+-------------------+------------------+------------------+-------------------+--------------------------+
; Name              ; tx_state.TX_STOP ; tx_state.TX_DATA ; tx_state.TX_START ; tx_state.TX_IDLE         ;
+-------------------+------------------+------------------+-------------------+--------------------------+
; tx_state.TX_IDLE  ; 0                ; 0                ; 0                 ; 0                        ;
; tx_state.TX_START ; 0                ; 0                ; 1                 ; 1                        ;
; tx_state.TX_DATA  ; 0                ; 1                ; 0                 ; 1                        ;
; tx_state.TX_STOP  ; 1                ; 0                ; 0                 ; 1                        ;
+-------------------+------------------+------------------+-------------------+--------------------------+


+--------------------------------------------------------------------------------------------------------------------+
; Registers Removed During Synthesis                                                                                 ;
+---------------------------------------------------------------------------+----------------------------------------+
; Register name                                                             ; Reason for Removal                     ;
+---------------------------------------------------------------------------+----------------------------------------+
; pl_cpu:cpu|pl_datapath:datapath|if_id.instr[2,3]                          ; Stuck at GND due to stuck port data_in ;
; pl_cpu:cpu|pl_datapath:datapath|id_ex.mem_to_reg[1]                       ; Stuck at GND due to stuck port data_in ;
; pl_cpu:cpu|pl_datapath:datapath|id_ex.jump                                ; Stuck at GND due to stuck port data_in ;
; pl_cpu:cpu|pl_datapath:datapath|ex_mem.mem_to_reg[1]                      ; Stuck at GND due to stuck port data_in ;
; pl_cpu:cpu|pl_datapath:datapath|mem_wb.mem_to_reg[1]                      ; Stuck at GND due to stuck port data_in ;
; pl_cpu:cpu|pl_datapath:datapath|mem_wb.pc_plus4[0]                        ; Lost fanout                            ;
; pl_cpu:cpu|pl_datapath:datapath|ex_mem.pc_plus4[0]                        ; Lost fanout                            ;
; pl_cpu:cpu|pl_datapath:datapath|mem_wb.pc_plus4[31]                       ; Lost fanout                            ;
; pl_cpu:cpu|pl_datapath:datapath|ex_mem.pc_plus4[31]                       ; Lost fanout                            ;
; pl_cpu:cpu|pl_datapath:datapath|mem_wb.pc_plus4[30]                       ; Lost fanout                            ;
; pl_cpu:cpu|pl_datapath:datapath|ex_mem.pc_plus4[30]                       ; Lost fanout                            ;
; pl_cpu:cpu|pl_datapath:datapath|mem_wb.pc_plus4[29]                       ; Lost fanout                            ;
; pl_cpu:cpu|pl_datapath:datapath|ex_mem.pc_plus4[29]                       ; Lost fanout                            ;
; pl_cpu:cpu|pl_datapath:datapath|mem_wb.pc_plus4[28]                       ; Lost fanout                            ;
; pl_cpu:cpu|pl_datapath:datapath|ex_mem.pc_plus4[28]                       ; Lost fanout                            ;
; pl_cpu:cpu|pl_datapath:datapath|mem_wb.pc_plus4[27]                       ; Lost fanout                            ;
; pl_cpu:cpu|pl_datapath:datapath|ex_mem.pc_plus4[27]                       ; Lost fanout                            ;
; pl_cpu:cpu|pl_datapath:datapath|mem_wb.pc_plus4[26]                       ; Lost fanout                            ;
; pl_cpu:cpu|pl_datapath:datapath|ex_mem.pc_plus4[26]                       ; Lost fanout                            ;
; pl_cpu:cpu|pl_datapath:datapath|mem_wb.pc_plus4[25]                       ; Lost fanout                            ;
; pl_cpu:cpu|pl_datapath:datapath|ex_mem.pc_plus4[25]                       ; Lost fanout                            ;
; pl_cpu:cpu|pl_datapath:datapath|mem_wb.pc_plus4[24]                       ; Lost fanout                            ;
; pl_cpu:cpu|pl_datapath:datapath|ex_mem.pc_plus4[24]                       ; Lost fanout                            ;
; pl_cpu:cpu|pl_datapath:datapath|mem_wb.pc_plus4[23]                       ; Lost fanout                            ;
; pl_cpu:cpu|pl_datapath:datapath|ex_mem.pc_plus4[23]                       ; Lost fanout                            ;
; pl_cpu:cpu|pl_datapath:datapath|mem_wb.pc_plus4[22]                       ; Lost fanout                            ;
; pl_cpu:cpu|pl_datapath:datapath|ex_mem.pc_plus4[22]                       ; Lost fanout                            ;
; pl_cpu:cpu|pl_datapath:datapath|mem_wb.pc_plus4[21]                       ; Lost fanout                            ;
; pl_cpu:cpu|pl_datapath:datapath|ex_mem.pc_plus4[21]                       ; Lost fanout                            ;
; pl_cpu:cpu|pl_datapath:datapath|mem_wb.pc_plus4[20]                       ; Lost fanout                            ;
; pl_cpu:cpu|pl_datapath:datapath|ex_mem.pc_plus4[20]                       ; Lost fanout                            ;
; pl_cpu:cpu|pl_datapath:datapath|mem_wb.pc_plus4[19]                       ; Lost fanout                            ;
; pl_cpu:cpu|pl_datapath:datapath|ex_mem.pc_plus4[19]                       ; Lost fanout                            ;
; pl_cpu:cpu|pl_datapath:datapath|mem_wb.pc_plus4[18]                       ; Lost fanout                            ;
; pl_cpu:cpu|pl_datapath:datapath|ex_mem.pc_plus4[18]                       ; Lost fanout                            ;
; pl_cpu:cpu|pl_datapath:datapath|mem_wb.pc_plus4[17]                       ; Lost fanout                            ;
; pl_cpu:cpu|pl_datapath:datapath|ex_mem.pc_plus4[17]                       ; Lost fanout                            ;
; pl_cpu:cpu|pl_datapath:datapath|mem_wb.pc_plus4[16]                       ; Lost fanout                            ;
; pl_cpu:cpu|pl_datapath:datapath|ex_mem.pc_plus4[16]                       ; Lost fanout                            ;
; pl_cpu:cpu|pl_datapath:datapath|mem_wb.pc_plus4[15]                       ; Lost fanout                            ;
; pl_cpu:cpu|pl_datapath:datapath|ex_mem.pc_plus4[15]                       ; Lost fanout                            ;
; pl_cpu:cpu|pl_datapath:datapath|mem_wb.pc_plus4[14]                       ; Lost fanout                            ;
; pl_cpu:cpu|pl_datapath:datapath|ex_mem.pc_plus4[14]                       ; Lost fanout                            ;
; pl_cpu:cpu|pl_datapath:datapath|mem_wb.pc_plus4[13]                       ; Lost fanout                            ;
; pl_cpu:cpu|pl_datapath:datapath|ex_mem.pc_plus4[13]                       ; Lost fanout                            ;
; pl_cpu:cpu|pl_datapath:datapath|mem_wb.pc_plus4[12]                       ; Lost fanout                            ;
; pl_cpu:cpu|pl_datapath:datapath|ex_mem.pc_plus4[12]                       ; Lost fanout                            ;
; pl_cpu:cpu|pl_datapath:datapath|mem_wb.pc_plus4[11]                       ; Lost fanout                            ;
; pl_cpu:cpu|pl_datapath:datapath|ex_mem.pc_plus4[11]                       ; Lost fanout                            ;
; pl_cpu:cpu|pl_datapath:datapath|mem_wb.pc_plus4[10]                       ; Lost fanout                            ;
; pl_cpu:cpu|pl_datapath:datapath|ex_mem.pc_plus4[10]                       ; Lost fanout                            ;
; pl_cpu:cpu|pl_datapath:datapath|mem_wb.pc_plus4[9]                        ; Lost fanout                            ;
; pl_cpu:cpu|pl_datapath:datapath|ex_mem.pc_plus4[9]                        ; Lost fanout                            ;
; pl_cpu:cpu|pl_datapath:datapath|mem_wb.pc_plus4[8]                        ; Lost fanout                            ;
; pl_cpu:cpu|pl_datapath:datapath|ex_mem.pc_plus4[8]                        ; Lost fanout                            ;
; pl_cpu:cpu|pl_datapath:datapath|mem_wb.pc_plus4[7]                        ; Lost fanout                            ;
; pl_cpu:cpu|pl_datapath:datapath|ex_mem.pc_plus4[7]                        ; Lost fanout                            ;
; pl_cpu:cpu|pl_datapath:datapath|mem_wb.pc_plus4[6]                        ; Lost fanout                            ;
; pl_cpu:cpu|pl_datapath:datapath|ex_mem.pc_plus4[6]                        ; Lost fanout                            ;
; pl_cpu:cpu|pl_datapath:datapath|mem_wb.pc_plus4[5]                        ; Lost fanout                            ;
; pl_cpu:cpu|pl_datapath:datapath|ex_mem.pc_plus4[5]                        ; Lost fanout                            ;
; pl_cpu:cpu|pl_datapath:datapath|mem_wb.pc_plus4[4]                        ; Lost fanout                            ;
; pl_cpu:cpu|pl_datapath:datapath|ex_mem.pc_plus4[4]                        ; Lost fanout                            ;
; pl_cpu:cpu|pl_datapath:datapath|mem_wb.pc_plus4[3]                        ; Lost fanout                            ;
; pl_cpu:cpu|pl_datapath:datapath|ex_mem.pc_plus4[3]                        ; Lost fanout                            ;
; pl_cpu:cpu|pl_datapath:datapath|mem_wb.pc_plus4[2]                        ; Lost fanout                            ;
; pl_cpu:cpu|pl_datapath:datapath|ex_mem.pc_plus4[2]                        ; Lost fanout                            ;
; pl_cpu:cpu|pl_datapath:datapath|mem_wb.pc_plus4[1]                        ; Lost fanout                            ;
; pl_cpu:cpu|pl_datapath:datapath|ex_mem.pc_plus4[1]                        ; Lost fanout                            ;
; pl_cpu:cpu|pl_datapath:datapath|id_ex.alu_src_pc                          ; Stuck at GND due to stuck port data_in ;
; pl_cpu:cpu|pl_datapath:datapath|pl_mmio:mmio|pl_uart:uart_inst|rx_state~8 ; Lost fanout                            ;
; pl_cpu:cpu|pl_datapath:datapath|pl_mmio:mmio|pl_uart:uart_inst|rx_state~9 ; Lost fanout                            ;
; pl_cpu:cpu|pl_datapath:datapath|pl_mmio:mmio|pl_uart:uart_inst|tx_state~8 ; Lost fanout                            ;
; pl_cpu:cpu|pl_datapath:datapath|pl_mmio:mmio|pl_uart:uart_inst|tx_state~9 ; Lost fanout                            ;
; pl_cpu:cpu|pl_datapath:datapath|id_ex.pc[10..31]                          ; Lost fanout                            ;
; pl_cpu:cpu|pl_datapath:datapath|if_id.pc[10..31]                          ; Lost fanout                            ;
; pl_cpu:cpu|pl_datapath:datapath|pc_reg[10..31]                            ; Lost fanout                            ;
; Total Number of Removed Registers = 141                                   ;                                        ;
+---------------------------------------------------------------------------+----------------------------------------+


+----------------------------------------------------------------------------------------------------------------------------------------+
; Removed Registers Triggering Further Register Optimizations                                                                            ;
+----------------------------------------------------+---------------------------+-------------------------------------------------------+
; Register name                                      ; Reason for Removal        ; Registers Removed due to This Register                ;
+----------------------------------------------------+---------------------------+-------------------------------------------------------+
; pl_cpu:cpu|pl_datapath:datapath|if_id.instr[2]     ; Stuck at GND              ; pl_cpu:cpu|pl_datapath:datapath|id_ex.mem_to_reg[1],  ;
;                                                    ; due to stuck port data_in ; pl_cpu:cpu|pl_datapath:datapath|ex_mem.mem_to_reg[1], ;
;                                                    ;                           ; pl_cpu:cpu|pl_datapath:datapath|mem_wb.mem_to_reg[1], ;
;                                                    ;                           ; pl_cpu:cpu|pl_datapath:datapath|mem_wb.pc_plus4[0],   ;
;                                                    ;                           ; pl_cpu:cpu|pl_datapath:datapath|ex_mem.pc_plus4[0],   ;
;                                                    ;                           ; pl_cpu:cpu|pl_datapath:datapath|mem_wb.pc_plus4[31],  ;
;                                                    ;                           ; pl_cpu:cpu|pl_datapath:datapath|ex_mem.pc_plus4[31],  ;
;                                                    ;                           ; pl_cpu:cpu|pl_datapath:datapath|mem_wb.pc_plus4[30],  ;
;                                                    ;                           ; pl_cpu:cpu|pl_datapath:datapath|ex_mem.pc_plus4[30],  ;
;                                                    ;                           ; pl_cpu:cpu|pl_datapath:datapath|mem_wb.pc_plus4[29],  ;
;                                                    ;                           ; pl_cpu:cpu|pl_datapath:datapath|ex_mem.pc_plus4[29],  ;
;                                                    ;                           ; pl_cpu:cpu|pl_datapath:datapath|mem_wb.pc_plus4[28],  ;
;                                                    ;                           ; pl_cpu:cpu|pl_datapath:datapath|ex_mem.pc_plus4[28],  ;
;                                                    ;                           ; pl_cpu:cpu|pl_datapath:datapath|mem_wb.pc_plus4[27],  ;
;                                                    ;                           ; pl_cpu:cpu|pl_datapath:datapath|ex_mem.pc_plus4[27],  ;
;                                                    ;                           ; pl_cpu:cpu|pl_datapath:datapath|mem_wb.pc_plus4[26],  ;
;                                                    ;                           ; pl_cpu:cpu|pl_datapath:datapath|ex_mem.pc_plus4[26],  ;
;                                                    ;                           ; pl_cpu:cpu|pl_datapath:datapath|mem_wb.pc_plus4[25],  ;
;                                                    ;                           ; pl_cpu:cpu|pl_datapath:datapath|ex_mem.pc_plus4[25],  ;
;                                                    ;                           ; pl_cpu:cpu|pl_datapath:datapath|mem_wb.pc_plus4[24],  ;
;                                                    ;                           ; pl_cpu:cpu|pl_datapath:datapath|ex_mem.pc_plus4[24],  ;
;                                                    ;                           ; pl_cpu:cpu|pl_datapath:datapath|mem_wb.pc_plus4[23],  ;
;                                                    ;                           ; pl_cpu:cpu|pl_datapath:datapath|ex_mem.pc_plus4[23],  ;
;                                                    ;                           ; pl_cpu:cpu|pl_datapath:datapath|mem_wb.pc_plus4[22],  ;
;                                                    ;                           ; pl_cpu:cpu|pl_datapath:datapath|ex_mem.pc_plus4[22],  ;
;                                                    ;                           ; pl_cpu:cpu|pl_datapath:datapath|mem_wb.pc_plus4[21],  ;
;                                                    ;                           ; pl_cpu:cpu|pl_datapath:datapath|ex_mem.pc_plus4[21],  ;
;                                                    ;                           ; pl_cpu:cpu|pl_datapath:datapath|mem_wb.pc_plus4[20],  ;
;                                                    ;                           ; pl_cpu:cpu|pl_datapath:datapath|ex_mem.pc_plus4[20],  ;
;                                                    ;                           ; pl_cpu:cpu|pl_datapath:datapath|mem_wb.pc_plus4[19],  ;
;                                                    ;                           ; pl_cpu:cpu|pl_datapath:datapath|ex_mem.pc_plus4[19],  ;
;                                                    ;                           ; pl_cpu:cpu|pl_datapath:datapath|mem_wb.pc_plus4[18],  ;
;                                                    ;                           ; pl_cpu:cpu|pl_datapath:datapath|ex_mem.pc_plus4[18],  ;
;                                                    ;                           ; pl_cpu:cpu|pl_datapath:datapath|mem_wb.pc_plus4[17],  ;
;                                                    ;                           ; pl_cpu:cpu|pl_datapath:datapath|ex_mem.pc_plus4[17],  ;
;                                                    ;                           ; pl_cpu:cpu|pl_datapath:datapath|mem_wb.pc_plus4[16],  ;
;                                                    ;                           ; pl_cpu:cpu|pl_datapath:datapath|ex_mem.pc_plus4[16],  ;
;                                                    ;                           ; pl_cpu:cpu|pl_datapath:datapath|mem_wb.pc_plus4[15],  ;
;                                                    ;                           ; pl_cpu:cpu|pl_datapath:datapath|ex_mem.pc_plus4[15],  ;
;                                                    ;                           ; pl_cpu:cpu|pl_datapath:datapath|mem_wb.pc_plus4[14],  ;
;                                                    ;                           ; pl_cpu:cpu|pl_datapath:datapath|ex_mem.pc_plus4[14],  ;
;                                                    ;                           ; pl_cpu:cpu|pl_datapath:datapath|mem_wb.pc_plus4[13],  ;
;                                                    ;                           ; pl_cpu:cpu|pl_datapath:datapath|ex_mem.pc_plus4[13],  ;
;                                                    ;                           ; pl_cpu:cpu|pl_datapath:datapath|mem_wb.pc_plus4[12],  ;
;                                                    ;                           ; pl_cpu:cpu|pl_datapath:datapath|ex_mem.pc_plus4[12],  ;
;                                                    ;                           ; pl_cpu:cpu|pl_datapath:datapath|mem_wb.pc_plus4[11],  ;
;                                                    ;                           ; pl_cpu:cpu|pl_datapath:datapath|ex_mem.pc_plus4[11],  ;
;                                                    ;                           ; pl_cpu:cpu|pl_datapath:datapath|mem_wb.pc_plus4[10],  ;
;                                                    ;                           ; pl_cpu:cpu|pl_datapath:datapath|ex_mem.pc_plus4[10],  ;
;                                                    ;                           ; pl_cpu:cpu|pl_datapath:datapath|mem_wb.pc_plus4[9],   ;
;                                                    ;                           ; pl_cpu:cpu|pl_datapath:datapath|ex_mem.pc_plus4[9],   ;
;                                                    ;                           ; pl_cpu:cpu|pl_datapath:datapath|mem_wb.pc_plus4[8],   ;
;                                                    ;                           ; pl_cpu:cpu|pl_datapath:datapath|ex_mem.pc_plus4[8],   ;
;                                                    ;                           ; pl_cpu:cpu|pl_datapath:datapath|mem_wb.pc_plus4[7],   ;
;                                                    ;                           ; pl_cpu:cpu|pl_datapath:datapath|ex_mem.pc_plus4[7],   ;
;                                                    ;                           ; pl_cpu:cpu|pl_datapath:datapath|mem_wb.pc_plus4[1],   ;
;                                                    ;                           ; pl_cpu:cpu|pl_datapath:datapath|ex_mem.pc_plus4[1],   ;
;                                                    ;                           ; pl_cpu:cpu|pl_datapath:datapath|id_ex.pc[31],         ;
;                                                    ;                           ; pl_cpu:cpu|pl_datapath:datapath|id_ex.pc[30],         ;
;                                                    ;                           ; pl_cpu:cpu|pl_datapath:datapath|id_ex.pc[27],         ;
;                                                    ;                           ; pl_cpu:cpu|pl_datapath:datapath|id_ex.pc[24],         ;
;                                                    ;                           ; pl_cpu:cpu|pl_datapath:datapath|id_ex.pc[21],         ;
;                                                    ;                           ; pl_cpu:cpu|pl_datapath:datapath|id_ex.pc[18],         ;
;                                                    ;                           ; pl_cpu:cpu|pl_datapath:datapath|id_ex.pc[17],         ;
;                                                    ;                           ; pl_cpu:cpu|pl_datapath:datapath|id_ex.pc[14],         ;
;                                                    ;                           ; pl_cpu:cpu|pl_datapath:datapath|id_ex.pc[13],         ;
;                                                    ;                           ; pl_cpu:cpu|pl_datapath:datapath|if_id.pc[31],         ;
;                                                    ;                           ; pl_cpu:cpu|pl_datapath:datapath|if_id.pc[30],         ;
;                                                    ;                           ; pl_cpu:cpu|pl_datapath:datapath|if_id.pc[27],         ;
;                                                    ;                           ; pl_cpu:cpu|pl_datapath:datapath|if_id.pc[24],         ;
;                                                    ;                           ; pl_cpu:cpu|pl_datapath:datapath|if_id.pc[21],         ;
;                                                    ;                           ; pl_cpu:cpu|pl_datapath:datapath|if_id.pc[18],         ;
;                                                    ;                           ; pl_cpu:cpu|pl_datapath:datapath|if_id.pc[17],         ;
;                                                    ;                           ; pl_cpu:cpu|pl_datapath:datapath|if_id.pc[14],         ;
;                                                    ;                           ; pl_cpu:cpu|pl_datapath:datapath|if_id.pc[13],         ;
;                                                    ;                           ; pl_cpu:cpu|pl_datapath:datapath|pc_reg[13],           ;
;                                                    ;                           ; pl_cpu:cpu|pl_datapath:datapath|pc_reg[14],           ;
;                                                    ;                           ; pl_cpu:cpu|pl_datapath:datapath|pc_reg[17],           ;
;                                                    ;                           ; pl_cpu:cpu|pl_datapath:datapath|pc_reg[18],           ;
;                                                    ;                           ; pl_cpu:cpu|pl_datapath:datapath|pc_reg[21],           ;
;                                                    ;                           ; pl_cpu:cpu|pl_datapath:datapath|pc_reg[24],           ;
;                                                    ;                           ; pl_cpu:cpu|pl_datapath:datapath|pc_reg[27],           ;
;                                                    ;                           ; pl_cpu:cpu|pl_datapath:datapath|pc_reg[30],           ;
;                                                    ;                           ; pl_cpu:cpu|pl_datapath:datapath|pc_reg[31]            ;
; pl_cpu:cpu|pl_datapath:datapath|if_id.instr[3]     ; Stuck at GND              ; pl_cpu:cpu|pl_datapath:datapath|id_ex.alu_src_pc,     ;
;                                                    ; due to stuck port data_in ; pl_cpu:cpu|pl_datapath:datapath|id_ex.pc[29],         ;
;                                                    ;                           ; pl_cpu:cpu|pl_datapath:datapath|id_ex.pc[28],         ;
;                                                    ;                           ; pl_cpu:cpu|pl_datapath:datapath|id_ex.pc[20],         ;
;                                                    ;                           ; pl_cpu:cpu|pl_datapath:datapath|id_ex.pc[16],         ;
;                                                    ;                           ; pl_cpu:cpu|pl_datapath:datapath|id_ex.pc[15],         ;
;                                                    ;                           ; pl_cpu:cpu|pl_datapath:datapath|if_id.pc[29],         ;
;                                                    ;                           ; pl_cpu:cpu|pl_datapath:datapath|if_id.pc[28],         ;
;                                                    ;                           ; pl_cpu:cpu|pl_datapath:datapath|if_id.pc[20],         ;
;                                                    ;                           ; pl_cpu:cpu|pl_datapath:datapath|if_id.pc[16],         ;
;                                                    ;                           ; pl_cpu:cpu|pl_datapath:datapath|if_id.pc[15],         ;
;                                                    ;                           ; pl_cpu:cpu|pl_datapath:datapath|pc_reg[15],           ;
;                                                    ;                           ; pl_cpu:cpu|pl_datapath:datapath|pc_reg[16],           ;
;                                                    ;                           ; pl_cpu:cpu|pl_datapath:datapath|pc_reg[20],           ;
;                                                    ;                           ; pl_cpu:cpu|pl_datapath:datapath|pc_reg[28],           ;
;                                                    ;                           ; pl_cpu:cpu|pl_datapath:datapath|pc_reg[29]            ;
; pl_cpu:cpu|pl_datapath:datapath|id_ex.pc[26]       ; Lost Fanouts              ; pl_cpu:cpu|pl_datapath:datapath|if_id.pc[26],         ;
;                                                    ;                           ; pl_cpu:cpu|pl_datapath:datapath|pc_reg[26]            ;
; pl_cpu:cpu|pl_datapath:datapath|id_ex.pc[25]       ; Lost Fanouts              ; pl_cpu:cpu|pl_datapath:datapath|if_id.pc[25],         ;
;                                                    ;                           ; pl_cpu:cpu|pl_datapath:datapath|pc_reg[25]            ;
; pl_cpu:cpu|pl_datapath:datapath|id_ex.pc[23]       ; Lost Fanouts              ; pl_cpu:cpu|pl_datapath:datapath|if_id.pc[23],         ;
;                                                    ;                           ; pl_cpu:cpu|pl_datapath:datapath|pc_reg[23]            ;
; pl_cpu:cpu|pl_datapath:datapath|id_ex.pc[22]       ; Lost Fanouts              ; pl_cpu:cpu|pl_datapath:datapath|if_id.pc[22],         ;
;                                                    ;                           ; pl_cpu:cpu|pl_datapath:datapath|pc_reg[22]            ;
; pl_cpu:cpu|pl_datapath:datapath|id_ex.pc[19]       ; Lost Fanouts              ; pl_cpu:cpu|pl_datapath:datapath|if_id.pc[19],         ;
;                                                    ;                           ; pl_cpu:cpu|pl_datapath:datapath|pc_reg[19]            ;
; pl_cpu:cpu|pl_datapath:datapath|id_ex.pc[12]       ; Lost Fanouts              ; pl_cpu:cpu|pl_datapath:datapath|if_id.pc[12],         ;
;                                                    ;                           ; pl_cpu:cpu|pl_datapath:datapath|pc_reg[12]            ;
; pl_cpu:cpu|pl_datapath:datapath|id_ex.pc[11]       ; Lost Fanouts              ; pl_cpu:cpu|pl_datapath:datapath|if_id.pc[11],         ;
;                                                    ;                           ; pl_cpu:cpu|pl_datapath:datapath|pc_reg[11]            ;
; pl_cpu:cpu|pl_datapath:datapath|id_ex.pc[10]       ; Lost Fanouts              ; pl_cpu:cpu|pl_datapath:datapath|if_id.pc[10],         ;
;                                                    ;                           ; pl_cpu:cpu|pl_datapath:datapath|pc_reg[10]            ;
; pl_cpu:cpu|pl_datapath:datapath|mem_wb.pc_plus4[6] ; Lost Fanouts              ; pl_cpu:cpu|pl_datapath:datapath|ex_mem.pc_plus4[6]    ;
; pl_cpu:cpu|pl_datapath:datapath|mem_wb.pc_plus4[5] ; Lost Fanouts              ; pl_cpu:cpu|pl_datapath:datapath|ex_mem.pc_plus4[5]    ;
; pl_cpu:cpu|pl_datapath:datapath|mem_wb.pc_plus4[4] ; Lost Fanouts              ; pl_cpu:cpu|pl_datapath:datapath|ex_mem.pc_plus4[4]    ;
; pl_cpu:cpu|pl_datapath:datapath|mem_wb.pc_plus4[3] ; Lost Fanouts              ; pl_cpu:cpu|pl_datapath:datapath|ex_mem.pc_plus4[3]    ;
; pl_cpu:cpu|pl_datapath:datapath|mem_wb.pc_plus4[2] ; Lost Fanouts              ; pl_cpu:cpu|pl_datapath:datapath|ex_mem.pc_plus4[2]    ;
+----------------------------------------------------+---------------------------+-------------------------------------------------------+


+------------------------------------------------------+
; General Register Statistics                          ;
+----------------------------------------------+-------+
; Statistic                                    ; Value ;
+----------------------------------------------+-------+
; Total registers                              ; 9723  ;
; Number of registers using Synchronous Clear  ; 49    ;
; Number of registers using Synchronous Load   ; 31    ;
; Number of registers using Asynchronous Clear ; 507   ;
; Number of registers using Asynchronous Load  ; 0     ;
; Number of registers using Clock Enable       ; 9386  ;
; Number of registers using Preset             ; 0     ;
+----------------------------------------------+-------+


+--------------------------------------------------------------------------------+
; Inverted Register Statistics                                                   ;
+----------------------------------------------------------------------+---------+
; Inverted Register                                                    ; Fan out ;
+----------------------------------------------------------------------+---------+
; pl_cpu:cpu|pl_datapath:datapath|pl_mmio:mmio|pl_uart:uart_inst|TXD   ; 1       ;
; pl_cpu:cpu|pl_datapath:datapath|pl_mmio:mmio|pl_uart:uart_inst|rxd_q ; 8       ;
; pl_cpu:cpu|pl_datapath:datapath|pl_mmio:mmio|pl_uart:uart_inst|rxd_s ; 1       ;
; Total number of inverted registers = 3                               ;         ;
+----------------------------------------------------------------------+---------+


+-----------------------------------------------------------------------------------------------------------------------------------------------------------------------------------------------------------+
; Multiplexer Restructuring Statistics (Restructuring Performed)                                                                                                                                            ;
+--------------------+-----------+---------------+----------------------+------------------------+------------+---------------------------------------------------------------------------------------------+
; Multiplexer Inputs ; Bus Width ; Baseline Area ; Area if Restructured ; Saving if Restructured ; Registered ; Example Multiplexer Output                                                                  ;
+--------------------+-----------+---------------+----------------------+------------------------+------------+---------------------------------------------------------------------------------------------+
; 3:1                ; 2 bits    ; 4 LEs         ; 2 LEs                ; 2 LEs                  ; Yes        ; |pl_top_no_pll|pl_cpu:cpu|pl_datapath:datapath|pl_mmio:mmio|tx_byte_idx[0]                  ;
; 3:1                ; 7 bits    ; 14 LEs        ; 7 LEs                ; 7 LEs                  ; Yes        ; |pl_top_no_pll|pl_cpu:cpu|pl_datapath:datapath|id_ex.imm_ext[9]                             ;
; 3:1                ; 2 bits    ; 4 LEs         ; 2 LEs                ; 2 LEs                  ; Yes        ; |pl_top_no_pll|pl_cpu:cpu|pl_datapath:datapath|if_id.instr[0]                               ;
; 3:1                ; 60 bits   ; 120 LEs       ; 60 LEs               ; 60 LEs                 ; Yes        ; |pl_top_no_pll|pl_cpu:cpu|pl_datapath:datapath|if_id.instr[19]                              ;
; 3:1                ; 30 bits   ; 60 LEs        ; 30 LEs               ; 30 LEs                 ; Yes        ; |pl_top_no_pll|pl_cpu:cpu|pl_datapath:datapath|pc_reg[5]                                    ;
; 3:1                ; 32 bits   ; 64 LEs        ; 32 LEs               ; 32 LEs                 ; Yes        ; |pl_top_no_pll|pl_cpu:cpu|pl_datapath:datapath|id_ex.rd2[8]                                 ;
; 3:1                ; 32 bits   ; 64 LEs        ; 32 LEs               ; 32 LEs                 ; Yes        ; |pl_top_no_pll|pl_cpu:cpu|pl_datapath:datapath|id_ex.rd1[16]                                ;
; 4:1                ; 16 bits   ; 32 LEs        ; 16 LEs               ; 16 LEs                 ; Yes        ; |pl_top_no_pll|pl_cpu:cpu|pl_datapath:datapath|pl_mmio:mmio|pl_uart:uart_inst|tx_cnt[2]     ;
; 3:1                ; 4 bits    ; 8 LEs         ; 8 LEs                ; 0 LEs                  ; Yes        ; |pl_top_no_pll|pl_cpu:cpu|pl_datapath:datapath|byte_en_mem[1]                               ;
; 5:1                ; 8 bits    ; 24 LEs        ; 16 LEs               ; 8 LEs                  ; Yes        ; |pl_top_no_pll|pl_cpu:cpu|pl_datapath:datapath|ex_mem.write_data[29]                        ;
; 5:1                ; 8 bits    ; 24 LEs        ; 16 LEs               ; 8 LEs                  ; Yes        ; |pl_top_no_pll|pl_cpu:cpu|pl_datapath:datapath|ex_mem.write_data[23]                        ;
; 5:1                ; 8 bits    ; 24 LEs        ; 16 LEs               ; 8 LEs                  ; Yes        ; |pl_top_no_pll|pl_cpu:cpu|pl_datapath:datapath|ex_mem.write_data[9]                         ;
; 5:1                ; 8 bits    ; 24 LEs        ; 8 LEs                ; 16 LEs                 ; Yes        ; |pl_top_no_pll|pl_cpu:cpu|pl_datapath:datapath|ex_mem.write_data[7]                         ;
; 6:1                ; 3 bits    ; 12 LEs        ; 3 LEs                ; 9 LEs                  ; Yes        ; |pl_top_no_pll|pl_cpu:cpu|pl_datapath:datapath|pl_mmio:mmio|pl_uart:uart_inst|rx_bit_idx[1] ;
; 6:1                ; 3 bits    ; 12 LEs        ; 3 LEs                ; 9 LEs                  ; Yes        ; |pl_top_no_pll|pl_cpu:cpu|pl_datapath:datapath|pl_mmio:mmio|pl_uart:uart_inst|tx_bit_idx[0] ;
; 33:1               ; 4 bits    ; 88 LEs        ; 8 LEs                ; 80 LEs                 ; Yes        ; |pl_top_no_pll|pl_cpu:cpu|pl_datapath:datapath|id_ex.imm_ext[2]                             ;
; 5:1                ; 16 bits   ; 48 LEs        ; 16 LEs               ; 32 LEs                 ; Yes        ; |pl_top_no_pll|pl_cpu:cpu|pl_datapath:datapath|pl_mmio:mmio|pl_uart:uart_inst|rx_cnt[15]    ;
; 8:1                ; 7 bits    ; 35 LEs        ; 21 LEs               ; 14 LEs                 ; Yes        ; |pl_top_no_pll|pl_cpu:cpu|pl_datapath:datapath|pl_mmio:mmio|pl_uart:uart_inst|tx_sr[1]      ;
; 258:1              ; 14 bits   ; 2408 LEs      ; 2408 LEs             ; 0 LEs                  ; Yes        ; |pl_top_no_pll|pl_cpu:cpu|pl_datapath:datapath|mem_wb.read_data[29]                         ;
; 264:1              ; 8 bits    ; 1408 LEs      ; 1376 LEs             ; 32 LEs                 ; Yes        ; |pl_top_no_pll|pl_cpu:cpu|pl_datapath:datapath|mem_wb.read_data[12]                         ;
; 264:1              ; 6 bits    ; 1056 LEs      ; 1038 LEs             ; 18 LEs                 ; Yes        ; |pl_top_no_pll|pl_cpu:cpu|pl_datapath:datapath|mem_wb.read_data[7]                          ;
; 264:1              ; 4 bits    ; 704 LEs       ; 696 LEs              ; 8 LEs                  ; Yes        ; |pl_top_no_pll|pl_cpu:cpu|pl_datapath:datapath|mem_wb.read_data[0]                          ;
; 3:1                ; 16 bits   ; 32 LEs        ; 32 LEs               ; 0 LEs                  ; No         ; |pl_top_no_pll|pl_cpu:cpu|pl_datapath:datapath|Selector13                                   ;
; 4:1                ; 8 bits    ; 16 LEs        ; 16 LEs               ; 0 LEs                  ; No         ; |pl_top_no_pll|pl_cpu:cpu|pl_datapath:datapath|Selector22                                   ;
; 3:1                ; 32 bits   ; 64 LEs        ; 64 LEs               ; 0 LEs                  ; No         ; |pl_top_no_pll|pl_cpu:cpu|pl_datapath:datapath|Selector86                                   ;
; 3:1                ; 32 bits   ; 64 LEs        ; 64 LEs               ; 0 LEs                  ; No         ; |pl_top_no_pll|pl_cpu:cpu|pl_datapath:datapath|Selector54                                   ;
; 6:1                ; 7 bits    ; 28 LEs        ; 14 LEs               ; 14 LEs                 ; No         ; |pl_top_no_pll|pl_cpu:cpu|pl_datapath:datapath|Selector26                                   ;
; 6:1                ; 2 bits    ; 8 LEs         ; 4 LEs                ; 4 LEs                  ; No         ; |pl_top_no_pll|pl_cpu:cpu|pl_datapath:datapath|pl_mmio:mmio|pl_uart:uart_inst|Selector27    ;
; 8:1                ; 2 bits    ; 10 LEs        ; 4 LEs                ; 6 LEs                  ; No         ; |pl_top_no_pll|pl_cpu:cpu|pl_datapath:datapath|pl_mmio:mmio|pl_uart:uart_inst|Selector52    ;
; 8:1                ; 2 bits    ; 10 LEs        ; 4 LEs                ; 6 LEs                  ; No         ; |pl_top_no_pll|pl_cpu:cpu|pl_datapath:datapath|pl_mmio:mmio|pl_uart:uart_inst|Selector51    ;
; 8:1                ; 2 bits    ; 10 LEs        ; 4 LEs                ; 6 LEs                  ; No         ; |pl_top_no_pll|pl_cpu:cpu|pl_datapath:datapath|pl_mmio:mmio|pl_uart:uart_inst|Selector28    ;
; 19:1               ; 8 bits    ; 96 LEs        ; 64 LEs               ; 32 LEs                 ; No         ; |pl_top_no_pll|pl_cpu:cpu|pl_datapath:datapath|pl_alu:alu|Mux21                             ;
; 20:1               ; 7 bits    ; 91 LEs        ; 56 LEs               ; 35 LEs                 ; No         ; |pl_top_no_pll|pl_cpu:cpu|pl_datapath:datapath|pl_alu:alu|Mux9                              ;
; 20:1               ; 4 bits    ; 52 LEs        ; 32 LEs               ; 20 LEs                 ; No         ; |pl_top_no_pll|pl_cpu:cpu|pl_datapath:datapath|pl_alu:alu|Mux27                             ;
; 21:1               ; 4 bits    ; 56 LEs        ; 32 LEs               ; 24 LEs                 ; No         ; |pl_top_no_pll|pl_cpu:cpu|pl_datapath:datapath|pl_alu:alu|Mux4                              ;
; 21:1               ; 2 bits    ; 28 LEs        ; 18 LEs               ; 10 LEs                 ; No         ; |pl_top_no_pll|pl_cpu:cpu|pl_datapath:datapath|pl_alu:alu|Mux28                             ;
; 22:1               ; 2 bits    ; 28 LEs        ; 18 LEs               ; 10 LEs                 ; No         ; |pl_top_no_pll|pl_cpu:cpu|pl_datapath:datapath|pl_alu:alu|Mux3                              ;
+--------------------+-----------+---------------+----------------------+------------------------+------------+---------------------------------------------------------------------------------------------+


+-------------------------------------------------------------------------------------------------------------+
; Parameter Settings for User Entity Instance: pl_cpu:cpu|pl_datapath:datapath|pl_mmio:mmio|pl_uart:uart_inst ;
+----------------+----------+---------------------------------------------------------------------------------+
; Parameter Name ; Value    ; Type                                                                            ;
+----------------+----------+---------------------------------------------------------------------------------+
; CLK_HZ         ; 50000000 ; Signed Integer                                                                  ;
; BAUD           ; 9600     ; Signed Integer                                                                  ;
+----------------+----------+---------------------------------------------------------------------------------+
Note: In order to hide this table in the UI and the text report file, please set the "Show Parameter Settings in Synthesis Report" option in "Analysis and Synthesis Settings -> More Settings" to "Off".


+-----------------------------------------------------------+
; Port Connectivity Checks: "pl_cpu:cpu"                    ;
+--------------+--------+----------+------------------------+
; Port         ; Type   ; Severity ; Details                ;
+--------------+--------+----------+------------------------+
; PC           ; Output ; Info     ; Explicitly unconnected ;
; wb_reg_write ; Output ; Info     ; Explicitly unconnected ;
; wb_reg_dst   ; Output ; Info     ; Explicitly unconnected ;
; wb_reg_data  ; Output ; Info     ; Explicitly unconnected ;
; mem_wr_en    ; Output ; Info     ; Explicitly unconnected ;
; mem_wr_addr  ; Output ; Info     ; Explicitly unconnected ;
; mem_wr_data  ; Output ; Info     ; Explicitly unconnected ;
+--------------+--------+----------+------------------------+


+-----------------------------------------------------+
; Post-Synthesis Netlist Statistics for Top Partition ;
+-----------------------+-----------------------------+
; Type                  ; Count                       ;
+-----------------------+-----------------------------+
; boundary_port         ; 52                          ;
; cycloneiii_ff         ; 9723                        ;
;     CLR               ; 321                         ;
;     CLR SCLR SLD      ; 16                          ;
;     ENA               ; 9216                        ;
;     ENA CLR           ; 122                         ;
;     ENA CLR SCLR      ; 33                          ;
;     ENA CLR SLD       ; 15                          ;
; cycloneiii_lcell_comb ; 9631                        ;
;     arith             ; 201                         ;
;         2 data inputs ; 66                          ;
;         3 data inputs ; 135                         ;
;     normal            ; 9430                        ;
;         0 data inputs ; 1                           ;
;         1 data inputs ; 11                          ;
;         2 data inputs ; 1123                        ;
;         3 data inputs ; 484                         ;
;         4 data inputs ; 7811                        ;
;                       ;                             ;
; Max LUT depth         ; 27.00                       ;
; Average LUT depth     ; 8.02                        ;
+-----------------------+-----------------------------+


+-------------------------------+
; Elapsed Time Per Partition    ;
+----------------+--------------+
; Partition Name ; Elapsed Time ;
+----------------+--------------+
; Top            ; 00:00:23     ;
+----------------+--------------+


+-------------------------------+
; Analysis & Synthesis Messages ;
+-------------------------------+
Info: *******************************************************************
Info: Running Quartus Prime Analysis & Synthesis
    Info: Version 21.1.1 Build 850 06/23/2022 SJ Lite Edition
    Info: Processing started: Mon Jun 29 22:15:01 2026
Info: Command: quartus_map --read_settings_files=on --write_settings_files=off ProjetoOAC -c ProjetoOAC
Warning (18236): Number of processors has not been specified which may cause overloading on shared machines.  Set the global assignment NUM_PARALLEL_PROCESSORS in your QSF to an appropriate value for best performance.
Info (20030): Parallel compilation is enabled and will use 16 of the 16 processors detected
Info (12021): Found 1 design units, including 1 entities, in source file /users/gvca/documents/projetooac/alterado/src/pll_10mhz.v
    Info (12023): Found entity 1: pll_10mhz File: C:/Users/gvca/Documents/ProjetoOAC/Alterado/src/pll_10mhz.v Line: 14
Info (12021): Found 1 design units, including 1 entities, in source file /users/gvca/documents/projetooac/alterado/src/pl_uart.sv
    Info (12023): Found entity 1: pl_uart File: C:/Users/gvca/Documents/ProjetoOAC/Alterado/src/pl_uart.sv Line: 30
Info (12021): Found 1 design units, including 1 entities, in source file /users/gvca/documents/projetooac/alterado/src/pl_top_no_pll.sv
    Info (12023): Found entity 1: pl_top_no_pll File: C:/Users/gvca/Documents/ProjetoOAC/Alterado/src/pl_top_no_pll.sv Line: 35
Info (12021): Found 1 design units, including 1 entities, in source file /users/gvca/documents/projetooac/alterado/src/pl_top.sv
    Info (12023): Found entity 1: pl_top File: C:/Users/gvca/Documents/ProjetoOAC/Alterado/src/pl_top.sv Line: 22
Info (12021): Found 1 design units, including 1 entities, in source file /users/gvca/documents/projetooac/alterado/src/pl_sign_ext.sv
    Info (12023): Found entity 1: pl_sign_ext File: C:/Users/gvca/Documents/ProjetoOAC/Alterado/src/pl_sign_ext.sv Line: 28
Info (12021): Found 1 design units, including 1 entities, in source file /users/gvca/documents/projetooac/alterado/src/pl_regfile.sv
    Info (12023): Found entity 1: pl_regfile File: C:/Users/gvca/Documents/ProjetoOAC/Alterado/src/pl_regfile.sv Line: 23
Info (12021): Found 1 design units, including 0 entities, in source file /users/gvca/documents/projetooac/alterado/src/pl_pipe_pkg.sv
    Info (12022): Found design unit 1: pl_pipe_pkg (SystemVerilog) File: C:/Users/gvca/Documents/ProjetoOAC/Alterado/src/pl_pipe_pkg.sv Line: 17
Info (12021): Found 1 design units, including 1 entities, in source file /users/gvca/documents/projetooac/alterado/src/pl_mmio.sv
    Info (12023): Found entity 1: pl_mmio File: C:/Users/gvca/Documents/ProjetoOAC/Alterado/src/pl_mmio.sv Line: 25
Info (12021): Found 1 design units, including 1 entities, in source file /users/gvca/documents/projetooac/alterado/src/pl_imem.sv
    Info (12023): Found entity 1: pl_imem File: C:/Users/gvca/Documents/ProjetoOAC/Alterado/src/pl_imem.sv Line: 15
Info (12021): Found 1 design units, including 1 entities, in source file /users/gvca/documents/projetooac/alterado/src/pl_hazard.sv
    Info (12023): Found entity 1: pl_hazard File: C:/Users/gvca/Documents/ProjetoOAC/Alterado/src/pl_hazard.sv Line: 16
Info (12021): Found 1 design units, including 1 entities, in source file /users/gvca/documents/projetooac/alterado/src/pl_forward.sv
    Info (12023): Found entity 1: pl_forward File: C:/Users/gvca/Documents/ProjetoOAC/Alterado/src/pl_forward.sv Line: 16
Info (12021): Found 1 design units, including 1 entities, in source file /users/gvca/documents/projetooac/alterado/src/pl_dmem.sv
    Info (12023): Found entity 1: pl_dmem File: C:/Users/gvca/Documents/ProjetoOAC/Alterado/src/pl_dmem.sv Line: 29
Info (12021): Found 1 design units, including 1 entities, in source file /users/gvca/documents/projetooac/alterado/src/pl_datapath.sv
    Info (12023): Found entity 1: pl_datapath File: C:/Users/gvca/Documents/ProjetoOAC/Alterado/src/pl_datapath.sv Line: 10
Info (12021): Found 1 design units, including 1 entities, in source file /users/gvca/documents/projetooac/alterado/src/pl_cpu.sv
    Info (12023): Found entity 1: pl_cpu File: C:/Users/gvca/Documents/ProjetoOAC/Alterado/src/pl_cpu.sv Line: 25
Info (12021): Found 1 design units, including 1 entities, in source file /users/gvca/documents/projetooac/alterado/src/pl_control.sv
    Info (12023): Found entity 1: pl_control File: C:/Users/gvca/Documents/ProjetoOAC/Alterado/src/pl_control.sv Line: 41
Info (12021): Found 1 design units, including 1 entities, in source file /users/gvca/documents/projetooac/alterado/src/pl_alu_ctrl.sv
    Info (12023): Found entity 1: pl_alu_ctrl File: C:/Users/gvca/Documents/ProjetoOAC/Alterado/src/pl_alu_ctrl.sv Line: 27
Info (12021): Found 1 design units, including 1 entities, in source file /users/gvca/documents/projetooac/alterado/src/pl_alu.sv
    Info (12023): Found entity 1: pl_alu File: C:/Users/gvca/Documents/ProjetoOAC/Alterado/src/pl_alu.sv Line: 35
Info (12127): Elaborating entity "pl_top_no_pll" for the top level hierarchy
Info (12128): Elaborating entity "pl_cpu" for hierarchy "pl_cpu:cpu" File: C:/Users/gvca/Documents/ProjetoOAC/Alterado/src/pl_top_no_pll.sv Line: 69
Info (12128): Elaborating entity "pl_control" for hierarchy "pl_cpu:cpu|pl_control:ctrl" File: C:/Users/gvca/Documents/ProjetoOAC/Alterado/src/pl_cpu.sv Line: 76
Info (12128): Elaborating entity "pl_alu_ctrl" for hierarchy "pl_cpu:cpu|pl_alu_ctrl:alu_ctrl" File: C:/Users/gvca/Documents/ProjetoOAC/Alterado/src/pl_cpu.sv Line: 86
Info (12128): Elaborating entity "pl_datapath" for hierarchy "pl_cpu:cpu|pl_datapath:datapath" File: C:/Users/gvca/Documents/ProjetoOAC/Alterado/src/pl_cpu.sv Line: 121
Info (10264): Verilog HDL Case Statement information at pl_datapath.sv(159): all case item expressions in this case statement are onehot File: C:/Users/gvca/Documents/ProjetoOAC/Alterado/src/pl_datapath.sv Line: 159
Info (10264): Verilog HDL Case Statement information at pl_datapath.sv(269): all case item expressions in this case statement are onehot File: C:/Users/gvca/Documents/ProjetoOAC/Alterado/src/pl_datapath.sv Line: 269
Info (10264): Verilog HDL Case Statement information at pl_datapath.sv(277): all case item expressions in this case statement are onehot File: C:/Users/gvca/Documents/ProjetoOAC/Alterado/src/pl_datapath.sv Line: 277
Info (12128): Elaborating entity "pl_imem" for hierarchy "pl_cpu:cpu|pl_datapath:datapath|pl_imem:imem" File: C:/Users/gvca/Documents/ProjetoOAC/Alterado/src/pl_datapath.sv Line: 98
Warning (10858): Verilog HDL warning at pl_imem.sv(20): object rom used but never assigned File: C:/Users/gvca/Documents/ProjetoOAC/Alterado/src/pl_imem.sv Line: 20
Info (12128): Elaborating entity "pl_hazard" for hierarchy "pl_cpu:cpu|pl_datapath:datapath|pl_hazard:hazard" File: C:/Users/gvca/Documents/ProjetoOAC/Alterado/src/pl_datapath.sv Line: 127
Info (12128): Elaborating entity "pl_regfile" for hierarchy "pl_cpu:cpu|pl_datapath:datapath|pl_regfile:regfile" File: C:/Users/gvca/Documents/ProjetoOAC/Alterado/src/pl_datapath.sv Line: 175
Info (12128): Elaborating entity "pl_sign_ext" for hierarchy "pl_cpu:cpu|pl_datapath:datapath|pl_sign_ext:sign_ext" File: C:/Users/gvca/Documents/ProjetoOAC/Alterado/src/pl_datapath.sv Line: 180
Info (12128): Elaborating entity "pl_forward" for hierarchy "pl_cpu:cpu|pl_datapath:datapath|pl_forward:forward" File: C:/Users/gvca/Documents/ProjetoOAC/Alterado/src/pl_datapath.sv Line: 266
Info (12128): Elaborating entity "pl_alu" for hierarchy "pl_cpu:cpu|pl_datapath:datapath|pl_alu:alu" File: C:/Users/gvca/Documents/ProjetoOAC/Alterado/src/pl_datapath.sv Line: 299
Info (12128): Elaborating entity "pl_dmem" for hierarchy "pl_cpu:cpu|pl_datapath:datapath|pl_dmem:dmem" File: C:/Users/gvca/Documents/ProjetoOAC/Alterado/src/pl_datapath.sv Line: 407
Info (12128): Elaborating entity "pl_mmio" for hierarchy "pl_cpu:cpu|pl_datapath:datapath|pl_mmio:mmio" File: C:/Users/gvca/Documents/ProjetoOAC/Alterado/src/pl_datapath.sv Line: 423
Info (12128): Elaborating entity "pl_uart" for hierarchy "pl_cpu:cpu|pl_datapath:datapath|pl_mmio:mmio|pl_uart:uart_inst" File: C:/Users/gvca/Documents/ProjetoOAC/Alterado/src/pl_mmio.sv Line: 66
Warning (10230): Verilog HDL assignment warning at pl_uart.sv(100): truncated value with size 32 to match size of target (16) File: C:/Users/gvca/Documents/ProjetoOAC/Alterado/src/pl_uart.sv Line: 100
Warning (10230): Verilog HDL assignment warning at pl_uart.sv(114): truncated value with size 32 to match size of target (3) File: C:/Users/gvca/Documents/ProjetoOAC/Alterado/src/pl_uart.sv Line: 114
Warning (10230): Verilog HDL assignment warning at pl_uart.sv(117): truncated value with size 32 to match size of target (16) File: C:/Users/gvca/Documents/ProjetoOAC/Alterado/src/pl_uart.sv Line: 117
Warning (10230): Verilog HDL assignment warning at pl_uart.sv(129): truncated value with size 32 to match size of target (16) File: C:/Users/gvca/Documents/ProjetoOAC/Alterado/src/pl_uart.sv Line: 129
Warning (10230): Verilog HDL assignment warning at pl_uart.sv(199): truncated value with size 32 to match size of target (16) File: C:/Users/gvca/Documents/ProjetoOAC/Alterado/src/pl_uart.sv Line: 199
Warning (10230): Verilog HDL assignment warning at pl_uart.sv(212): truncated value with size 32 to match size of target (3) File: C:/Users/gvca/Documents/ProjetoOAC/Alterado/src/pl_uart.sv Line: 212
Warning (10230): Verilog HDL assignment warning at pl_uart.sv(215): truncated value with size 32 to match size of target (16) File: C:/Users/gvca/Documents/ProjetoOAC/Alterado/src/pl_uart.sv Line: 215
Warning (10230): Verilog HDL assignment warning at pl_uart.sv(230): truncated value with size 32 to match size of target (16) File: C:/Users/gvca/Documents/ProjetoOAC/Alterado/src/pl_uart.sv Line: 230
Info (276014): Found 1 instances of uninferred RAM logic
    Info (276007): RAM logic "pl_cpu:cpu|pl_datapath:datapath|pl_regfile:regfile|rf" is uninferred due to asynchronous read logic File: C:/Users/gvca/Documents/ProjetoOAC/Alterado/src/pl_regfile.sv Line: 34
Info (13000): Registers with preset signals will power-up high File: C:/Users/gvca/Documents/ProjetoOAC/Alterado/src/pl_uart.sv Line: 45
Info (13003): DEV_CLRn pin will set, and not reset, register with preset signal due to NOT Gate Push-Back
Info (286030): Timing-Driven Synthesis is running
Info (17049): 134 registers lost all their fanouts during netlist optimizations.
Info (144001): Generated suppressed messages file C:/Users/gvca/Documents/ProjetoOAC/Alterado/quartus/output_files/ProjetoOAC.map.smsg
Info (16010): Generating hard_block partition "hard_block:auto_generated_inst"
    Info (16011): Adding 0 node(s), including 0 DDIO, 0 PLL, 0 transceiver and 0 LCELL
Info (21057): Implemented 19084 device resources after synthesis - the final resource count might be different
    Info (21058): Implemented 24 input pins
    Info (21059): Implemented 28 output pins
    Info (21061): Implemented 19032 logic cells
Info: Quartus Prime Analysis & Synthesis was successful. 0 errors, 10 warnings
    Info: Peak virtual memory: 4984 megabytes
    Info: Processing ended: Mon Jun 29 22:15:35 2026
    Info: Elapsed time: 00:00:34
    Info: Total CPU time (on all processors): 00:00:45


+------------------------------------------+
; Analysis & Synthesis Suppressed Messages ;
+------------------------------------------+
The suppressed messages can be found in C:/Users/gvca/Documents/ProjetoOAC/Alterado/quartus/output_files/ProjetoOAC.map.smsg.


